// Jest Snapshot v1, https://goo.gl/fbAQLP

exports[`should render LoginPage component correctly 1`] = `
<div
  className="box-layout"
>
  <div
    className="box-layout__box"
  >
    <h1
      className="box-layout__title"
    >
      React App Boilerplate v2
    </h1>
    <p>
      Get started with your new shiny React App!
    </p>
    <button
      className="btn btn-primary"
    >
      Login with Google
    </button>
  </div>
</div>
`;
