// Jest Snapshot v1, https://goo.gl/fbAQLP

exports[`should render a 404 page 1`] = `
<div>
  <h1>
    404!!
  </h1>
  <p>
    Oops... no content on this page.
  </p>
  <p>
    <Link
      replace={false}
      to="/"
    >
      Back to home
    </Link>
  </p>
</div>
`;
